31 3.875 0 false true
[1, 2, "1", true, nil]
[[1], [2]] []
[1, 2, 3, 4]
[1, 2, [3, [4]]] [1, [2]]
[[1, "a"], [2, "b"]] [] [[0, 10], [1, 20]] []
[[3, 1, 4], [1, 5, 9], [2, 6]] [[3, 1, 4, 1, 5, 9, 2, 6]] []
[3, 1, 4] [2, 6] [] []
2 4 2 0
["Vali", "Ali", "Gul"]
["Ali", "Gul", "Vali"]
Vali Ali
85 2
[30, 25] 2
{30: 2, 25: 1}
[4, 2, 6] [3, 1, 1, 5, 9]
["a", "b", "c"] [1, 2, 3]
[["а", 0], ["б", 1], ["в", 2]] [[0, "а"], [1, "б"]]
[1, 2, 3] ["а", "б", "в"] [3, 2, 1]
[3, 2, 1, 0] ["в", "б", "а"]
{"a": 1, 2: true} {}
{"a": 10, "b": 20}
[7, 20, 10]
«avg» не определено для пустого списка — среднее не из чего считать
«min_by» нужен непустой список
первый аргумент «take» — количество, оно не может быть отрицательным (получено -1)
размер куска в «chunk» должен быть больше нуля, а получен 0
первый аргумент «flatten» — количество, оно не может быть отрицательным (получено -1)
«sum» работает только с числами, встретился string
«avg» работает только с числами, встретился string
функция в «sort_by» должна возвращать числа или строки, а вернула list и list
функция в «group_by» должна вернуть ключ — строку, число или bool, а вернула list
функция в «sum_by» должна вернуть число, а вернула string
функция в «flat_map» должна вернуть список, а вернула number — оберните значение в [ ]
«zip» ожидает список, строку или диапазон, а получила number
«list.count» ожидает 1 аргумент, а получила 2
sorted без функции сравнения работает только со списком чисел или строк, а встретились list и list
элемент 1 в «from_entries» должен быть парой [ключ, значение], а получен "нет"
ключом словаря может быть строка, число или bool, а не list
список ссылается сам на себя — «flatten» не может его развернуть
3
