"Привет, мир!  " "  Привет, мир!" "Привет, мир!"
true false false
["первая", "вторая", "третья"]
[] [""] ["без перевода"]
["раз", "два", "три"] [] []
Привет мир IPhone ""
Привет Мир "  Два   Слова "
😀аб Привет
5 2 0 1
["ключ", "значение=ещё"]
nil ["", "с краю"]
2 + 2 = 4
Привет, мир!
[1, 2] nil "без подстановок"
Здравствуйте, Ali! Ваш баланс — 12000 сум.
[{"имя": "хлеб", "цена": "5000"}, {"имя": "молоко", "цена": "12000"}]
17000
в «format» подстановок {} — 1, а аргументов — 0: их должно быть поровну
в «format» подстановок {} — 1, а аргументов — 2: их должно быть поровну
«count» не считает пустую подстроку — передайте непустую
разделитель в «split_once» не может быть пустым
первый аргумент «count» должен быть строкой, а получен number
«string.lines» ожидает 0 аргументов, а получила 1
