{"хлеб": 5, "молоко": 12, "сыр": 45}
{"молоко": 12000, "сыр": 45000}
{"молоко": 12000}
{"сыр": 45000, "хлеб": 5000}
{"хлеб": 5000, "молоко": 12000} {"хлеб": 5000, "молоко": 12000, "сыр": 45000}
false true 3
{"хлеб": 5000, "молоко": 12000, "сыр": 45000}
{"а": 3, "б": 1, "в": 1} а
{"фрукты": ["яблоко", "груша"]} 1
["лук"] 2
{"ХЛЕБ": 5000, "МОЛОКО": 12000, "СЫР": 45000}
["сыр", "молоко", "хлеб"]
первый аргумент «pick» должен быть списком, а получен string
первый аргумент «omit» должен быть списком, а получен number
«map_values» ожидает функцию, а получила number
ключом словаря может быть строка, число или bool, а не list
элемент 1 в «from_entries» должен быть парой [ключ, значение], а получен "нет"
ключом словаря может быть строка, число или bool, а не list
первый аргумент «from_entries» должен быть списком, а получен map
