-1 0 1
10 0 5 5
3.14159 2.71828 1
0 2 3 3 4
5 3
1 -1 0
3.1415926536 3.1415926536 0 0
18.8496 28.2743
[0, 0, 10, 7]
логарифм определён только для положительных чисел, а получено 0
логарифм определён только для положительных чисел, а получено -2
основание логарифма должно быть положительным и не равным 1, а получено 1
основание логарифма должно быть положительным и не равным 1, а получено 0
в clamp нижняя граница 10 больше верхней 0
«asin» определён только на отрезке от -1 до 1, а получено 2
«acos» определён только на отрезке от -1 до 1, а получено -1.5
первый аргумент «sign» должен быть числом, а получен string
«hypot» ожидает хотя бы 2 аргумента, а получила 1
«pi» ожидает 0 аргументов, а получила 1
