Ошибка выполнения: слишком глубокая рекурсия: больше 900 вложенных вызовов — проверьте условие выхода или перепишите цикл без рекурсии
  --> 33_err_recursion.sable:1:31
  |
1 | fn forever(n) { return forever(n + 1) }
  |                               ^
  в forever (33_err_recursion.sable:1:31) × 12
