Ошибка синтаксиса: ожидалось «)» в конце списка параметров, а встретилось имя
  --> 47_err_many_syntax.sable:1:13
  |
1 | fn первая(a b) { return a }
  |             ^

Ошибка синтаксиса: ожидалось «]» в конце списка, а встретилось «fn»
  --> 47_err_many_syntax.sable:5:1
  |
5 | fn вторая(n) {
  | ^

Ошибка синтаксиса: здесь «{» начинает тело блока — если это словарь, возьмите его в скобки: ({ ... })
  --> 47_err_many_syntax.sable:6:10
  |
6 |   if n > { return 1 }
  |          ^

Ошибка синтаксиса: ожидалось имя метода, а встретилось «}»
  --> 47_err_many_syntax.sable:10:22
   |
10 | struct Точка { x, fn }
   |                      ^

Ошибка синтаксиса: ожидалось «)» в конце списка аргументов, а встретилось имя
  --> 47_err_many_syntax.sable:12:9
   |
12 | print(x y)
   |         ^

Синтаксических ошибок: 5
