Ошибка синтаксиса: ожидалось значение, а встретилось «)»
  --> 48_err_many_capped.sable:3:10
  |
3 | print(1 +)
  |          ^

Ошибка синтаксиса: ожидалось значение, а встретилось «)»
  --> 48_err_many_capped.sable:4:10
  |
4 | print(2 +)
  |          ^

Ошибка синтаксиса: ожидалось значение, а встретилось «)»
  --> 48_err_many_capped.sable:5:10
  |
5 | print(3 +)
  |          ^

Ошибка синтаксиса: ожидалось значение, а встретилось «)»
  --> 48_err_many_capped.sable:6:10
  |
6 | print(4 +)
  |          ^

Ошибка синтаксиса: ожидалось значение, а встретилось «)»
  --> 48_err_many_capped.sable:7:10
  |
7 | print(5 +)
  |          ^

Ошибка синтаксиса: ожидалось значение, а встретилось «)»
  --> 48_err_many_capped.sable:8:10
  |
8 | print(6 +)
  |          ^

Ошибка синтаксиса: ожидалось значение, а встретилось «)»
  --> 48_err_many_capped.sable:9:10
  |
9 | print(7 +)
  |          ^

Ошибка синтаксиса: ожидалось значение, а встретилось «)»
  --> 48_err_many_capped.sable:10:10
   |
10 | print(8 +)
   |          ^

Ошибка синтаксиса: ожидалось значение, а встретилось «)»
  --> 48_err_many_capped.sable:11:10
   |
11 | print(9 +)
   |          ^

Ошибка синтаксиса: ожидалось значение, а встретилось «)»
  --> 48_err_many_capped.sable:12:11
   |
12 | print(10 +)
   |           ^

… и ещё 2; остальные видны после починки этих
