результат «^» вышел за пределы представимых чисел
результат «pow» вышел за пределы представимых чисел
результат «*» вышел за пределы представимых чисел
результат «round» вышел за пределы представимых чисел
результат «exp» вышел за пределы представимых чисел
деление на ноль
результат «*» вышел за пределы представимых чисел
строка из 1000000000 символов слишком велика — предел 100000000
список из 1000000000 элементов слишком велик — предел 50000000
границы диапазона больше 9007199254740991 — за этим пределом счётчик перестаёт расти, и цикл не закончится никогда
range попросили построить 1e+308 элементов — предел 50000000
1.2676506002282294e+30 1024 3 2.718281828459045 5 2.5
