строку "1e999" нельзя разобрать как число — передайте вторым аргументом запасное значение
строку "Infinity" нельзя разобрать как число — передайте вторым аргументом запасное значение
в JSON встретилось слишком большое число: Infinity
в JSON встретилось слишком большое число: Infinity
1e+308 42 3.5 [1, 2.5]
