у значения типа string нет поля или метода «uppr» — возможно, имелось в виду «upper»
у значения типа list нет поля или метода «pushh» — возможно, имелось в виду «push»
у значения типа range нет поля или метода «lenn» — возможно, имелось в виду «len»
в словаре нет ключа «имя2» и нет такого метода — возможно, имелось в виду «имя»
у Точка нет поля или метода «длна» — возможно, имелось в виду «длина»
у Точка нет поля или метода «z» — возможно, имелось в виду «x»
у значения типа string нет поля или метода «шчщ»
