тело прошло
finally после тела
поймали: сбой
finally после catch
поймали без имени
finally 3
finally при броске из catch
снаружи: вторая, из catch
finally без catch
долетела: некому ловить
finally самый внутренний
finally средний
верх: со дна
finally самый внешний
["работа", "прибрано"]
пустой finally
finally после глубокого вызова
со дна: дно
finally после встроенной ошибки
индекс 99 вне списка длиной 2
