A Ж 😀
65 1046 128512
1072
круг замкнулся: true
АБВГДЕ
номер символа 1114112 вне допустимого диапазона 0..1114111
номер символа -1 вне допустимого диапазона 0..1114111
номер 55296 — половина суррогатной пары, отдельного символа у него нет
первый аргумент «char» должен быть целым числом, а получен 1.5
«code» ожидает непустую строку
первый аргумент «code» должен быть строкой, а получен number
