Выручка за день: 417 000 сум за 13 продаж

По категориям:
  кофе..... ██████████··········  48.9%  204 000 сум
  выпечка.. ████████············  38.1%  159 000 сум
  чай...... ███·················  12.9%  54 000 сум

Топ товаров:
  1. капучино   6 шт.  108 000 сум
  2. чизкейк    3 шт.  84 000 сум
  3. круассан   5 шт.  75 000 сум

По часам:
  08:00  ██·················· 42 000 сум
  09:00  ████················ 85 000 сум
  10:00  ██·················· 40 000 сум
  11:00  ██·················· 36 000 сум
  12:00  ████················ 84 000 сум
  13:00  ██·················· 38 000 сум
  14:00  ████················ 92 000 сум

Час пик: 14:00 — 92 000 сум
Средний чек: 32 077 сум
