Лексемы для «y = x * 3 - 4»:
  y · = · x · * · 3 · - · 4 · ⏎

Дерево для «2 + 3 * 4 ^ 2»:
  (+)
      2
      (*)
          3
          (^)
              4
              2

x = 12                   → x = 12
y = x * 3 - 4            → y = 32
y / 2                    = 16
2 ^ 3 ^ 2                = 512
-2 ^ 2                   = -4
2 ^ -1                   = 0.5
(1 + 2) * (3 + 4) % 10   = 1
sqrt(x * 3) + abs(0 - 6) = 12
round(pi, 4)             = 3.1416
max(x, y, sqrt(400))     = 32

Переменные: {"x": 12, "y": 32}
