Заказы на 12:30

✓ A-101: создан → оплачен → у курьера → в пути → доставлен
    дольше всего в «в пути» — 35 мин
… A-102: создан → оплачен → у курьера
    дольше всего в «у курьера» — 2 ч 55 мин
    ⚠ 09:40 «доставил» невозможно из «у курьера» — здесь ждут: забрал, отмена
    ⚠ 10:05 «оплата» невозможно из «у курьера» — здесь ждут: забрал, отмена
✓ A-103: создан → отменён
    дольше всего в «создан» — 10 мин
… A-104: создан → оплачен → у курьера → в пути → проблема → у курьера → в пути
    дольше всего в «в пути» — 1 ч 5 мин

Завершено: 2 из 4

Суммарно по статусам:
  у курьера   3 ч 38 мин
  в пути      1 ч 40 мин
  оплачен     57 мин
  создан      35 мин
  проблема    35 мин

Висят: A-102 (у курьера), A-104 (в пути)
⚠ 10:12 событие «оплата» для неизвестного заказа B-777
