Кратчайшие пути из Ташкента:

  Чирчик       32 км   Ташкент → Чирчик
  Ангрен      112 км   Ташкент → Чирчик → Ангрен
  Гулистан    120 км   Ташкент → Гулистан
  Джизак      200 км   Ташкент → Джизак
  Коканд      242 км   Ташкент → Чирчик → Ангрен → Коканд
  Самарканд   330 км   Ташкент → Джизак → Самарканд
  Фергана     332 км   Ташкент → Чирчик → Ангрен → Коканд → Фергана
  Бухара      600 км   Ташкент → Джизак → Самарканд → Бухара
  Хива       1040 км   Ташкент → Джизак → Самарканд → Бухара → Хива
  Термез       —      дороги нет

Порядок работ (9 задач, 5 волн):

  Волна 1: снять помещение, программа курса
  Волна 2: ремонт, лицензия
  Волна 3: мебель, реклама, нанять преподавателей
  Волна 4: набор группы
  Волна 5: первый урок

Если «программа курса» начнёт ждать «набор группы»:
  разложить удалось: 5 из 9
  застряли в цикле: набор группы, первый урок, программа курса, реклама
