Данные: 549, 17, 236, 240, 209, 829, 986, 77, 540, 22, 4, 937, … (всего 48)

Алгоритм          сравнений   совпало с sort()
  вставками           549   да
  слиянием            216   да
  быстрая             270   да

То же, но данные почти отсортированы:
  вставками           129
  слиянием            171
  быстрая             219

Двоичный поиск 560: индекс 30, сравнений 6 (перебором было бы до 48)
Отсутствующего 1001: индекс -1
Меньше 500 в списке: 26 чисел из 48
После вставки 25: [10, 20, 25, 30, 40]

Преподаватели: предмет ↑, рейтинг ↓, имя ↑
  английский   4.9 Дилноза   групп: 4
  английский   4.8 Азиза     групп: 4
  английский   4.5 Жасур     групп: 2
  математика   4.9 Гулнора   групп: 6
  математика   4.5 Бекзод    групп: 6
